Script started on 2022-05-04 15:03:06+00:00
]0;user01@kali: ~[01;31muser01@kali[00m:[01;34m~[00m$ git sta[K[K[Kstatus[K[K[K[K[K[Kremote -v
fatal: not a git repository (or any of the parent directories): .git
]0;user01@kali: ~[01;31muser01@kali[00m:[01;34m~[00m$ git config g[K[K --globv[Kal user.name [K "harksu"
]0;user01@kali: ~[01;31muser01@kali[00m:[01;34m~[00m$ git config -- gl[K[K[Kglobal user.email "harskulim@naver.com"
]0;user01@kali: ~[01;31muser01@kali[00m:[01;34m~[00m$ git rmote [K[K[K[K[Kemote add origin https://github.com/harsku/CLou[K[K[K[Kclou[K[K[K[KCloudSecurity-.gi t
fatal: not a git repository (or any of the parent directories): .git
]0;user01@kali: ~[01;31muser01@kali[00m:[01;34m~[00m$ git remote v-[K[K0v
fatal: not a git repository (or any of the parent directories): .git
]0;user01@kali: ~[01;31muser01@kali[00m:[01;34m~[00m$ git remote 0v[1Pv-v
fatal: not a git repository (or any of the parent directories): .git
]0;user01@kali: ~[01;31muser01@kali[00m:[01;34m~[00m$ git remote -v0vadd origin https://github.com/harsku/CloudSecurity-.gitt[A[C[C[C[C[C[C[C[C[C[C[C[C[C[C[C[C[C[C[C[C[C[C[C[C[C[C[C[C[C[C[C[C[C[C[C[C[C[C[C[C[C[C[C[C[C[C[C[C[C[C[C[C[C[C[C[C[C[C[C[C[C[C[C[C[C[C[C[C[C[C[C[C[C[C[C[C[C[C[C[Cku/CloudSecurity-.git [K[A[C[C[C[C[C[C[C[C[C[C[C[C[C[C[C[C[C[C[C[C[C[C[C[C[C[C[C[C[C[C[C[C[C[C[C[C[C[C[C[C[C[C[C[C[C[C[C[C[C[C[C[C[C[C[C[C[C[C[C[Csu/CloudSecurity-.gitt[A]0;user01@kali: ~[01;31muser01@kali[00m:[01;34m~[00m$ [C[C[C[C[C[C[C[C[C[C[C[C[C[C[C[C[C[C[C[C[C[C[C[C[C[C[C[C[C[C[C[C[C[C[C[C[C[C[C[C[C[C[C[C[C[C

fatal: not a git repository (or any of the parent directories): .git
]0;user01@kali: ~[01;31muser01@kali[00m:[01;34m~[00m$ git remote add origin https://github.com/harksu/CloudSecurity-.gitt
fatal: not a git repository (or any of the parent directories): .git
]0;user01@kali: ~[01;31muser01@kali[00m:[01;34m~[00m$ clear
[3J[H[2J]0;user01@kali: ~[01;31muser01@kali[00m:[01;34m~[00m$ cleargit remote add origin https://github.com/harksu/CloudSecurity-.gitt
fatal: not a git repository (or any of the parent directories): .git
]0;user01@kali: ~[01;31muser01@kali[00m:[01;34m~[00m$ git remote add origin https://github.com/harksu/CloudSecurity-.gi t
fatal: not a git repository (or any of the parent directories): .git
]0;user01@kali: ~[01;31muser01@kali[00m:[01;34m~[00m$ ehco "123[K[K[Kthis [K[K[K[K[Ktest [K int [K[K kali" > [K> re[K[KREADME.MD[K[Kmd
bash: ehco: command not found
]0;user01@kali: ~[01;31muser01@kali[00m:[01;34m~[00m$ ehco "test in kali" >> README.md[1P[1P[1@c[1@h[C[1@o[1P[1P[1@h
]0;user01@kali: ~[01;31muser01@kali[00m:[01;34m~[00m$ git intit[K[K[Kit
Initialized empty Git repository in /home/user01/.git/
]0;user01@kali: ~[01;31muser01@kali[00m:[01;34m~[00m$ git add README.md 
]0;user01@kali: ~[01;31muser01@kali[00m:[01;34m~[00m$ ghi[K[Kit status
On branch master

No commits yet

Changes to be committed:
  (use "git rm --cached <file>..." to unstage)

	[32mnew file:   README.md[m

Untracked files:
  (use "git add <file>..." to include in what will be committed)

	[31m.bash_logout[m
	[31m.bashrc[m
	[31m.bashrc.original[m
	[31m.gitconfig[m
	[31m.profile[m
	[31m.viminfo[m
	[31mmidex1.c[m
	[31mtypescript1[m

]0;user01@kali: ~[01;31muser01@kali[00m:[01;34m~[00m$ git cmoo[K[K[K[Kcommit -, [K[K[K-,[Km"[K "first commit, in kali [K[K[Kli [K"
[master (root-commit) c17f6cc] first commit, in kali
 1 file changed, 1 insertion(+)
 create mode 100644 README.md
]0;user01@kali: ~[01;31muser01@kali[00m:[01;34m~[00m$ git branch 0m[K[K-M main
]0;user01@kali: ~[01;31muser01@kali[00m:[01;34m~[00m$ git remote add origitn[K[K[Kn[K[Kgin "https://gitbh[K[Khub.com/harksu/CLou[K[K[Kloude[K[K[K[KoudSecurity-.g it
> 
> git remote add origin "https://github.com/harksu/CloudSecurity-.git
[A
]0;user01@kali: ~[01;31muser01@kali[00m:[01;34m~[00m$ git remote add origin "https://github.com/harksu/CloudSecurity-.giit

git remote add origin "https://github.com/harksu/CloudSecurity-.git
fatal: remote origin already exists.
]0;user01@kali: ~[01;31muser01@kali[00m:[01;34m~[00m$ git remote add origin "https://github.com/harksu/CloudSecurity-.giit

git remote add origin "https://github.com/harksu/CloudSecurity-.git
fatal: remote origin already exists.
]0;user01@kali: ~[01;31muser01@kali[00m:[01;34m~[00m$ clear
[3J[H[2J]0;user01@kali: ~[01;31muser01@kali[00m:[01;34m~[00m$ git [K[K[K[Kgit status
On branch main
Untracked files:
  (use "git add <file>..." to include in what will be committed)

	[31m.bash_logout[m
	[31m.bashrc[m
	[31m.bashrc.original[m
	[31m.gitconfig[m
	[31m.profile[m
	[31m.viminfo[m
	[31mmidex1.c[m
	[31mtypescript1[m

nothing added to commit but untracked files present (use "git add" to track)
]0;user01@kali: ~[01;31muser01@kali[00m:[01;34m~[00m$ git [K[K[K[Kcheckco[K[K[K[K[K[K[Kchekcout
bash: chekcout: command not found
]0;user01@kali: ~[01;31muser01@kali[00m:[01;34m~[00m$ checkout
bash: checkout: command not found
]0;user01@kali: ~[01;31muser01@kali[00m:[01;34m~[00m$ br[K[Kgit branch
[?1h=* [32mmain[m[m
[K[?1l>]0;user01@kali: ~[01;31muser01@kali[00m:[01;34m~[00m$ git remote add origin https://github.com/harksu/CLoud[K[K[K[KloudSecurity-.gi t
fatal: remote origin already exists.
]0;user01@kali: ~[01;31muser01@kali[00m:[01;34m~[00m$ git push -u origin main
fatal: unable to access 'https://github.com/harksu/CloudSecurity-.git

git remote add origin https://github.com/harksu/CloudSecurity-.git/': Illegal characters found in URL
]0;user01@kali: ~[01;31muser01@kali[00m:[01;34m~[00m$ git remote add origin https://github.com/harksu/CloudSecurity-.gitt/[K
fatal: remote origin already exists.
]0;user01@kali: ~[01;31muser01@kali[00m:[01;34m~[00m$ git push-[K -u origin main
fatal: unable to access 'https://github.com/harksu/CloudSecurity-.git

git remote add origin https://github.com/harksu/CloudSecurity-.git/': Illegal characters found in URL
]0;user01@kali: ~[01;31muser01@kali[00m:[01;34m~[00m$ git push -u origin mainremote add origin https://github.com/harksu/CloudSecurity-.gitt
fatal: remote origin already exists.
]0;user01@kali: ~[01;31muser01@kali[00m:[01;34m~[00m$ git remote add origin https://github.com/harksu/CloudSecurity-.gitt[A]0;user01@kali: ~[01;31muser01@kali[00m:[01;34m~[00m$ [C[C[C[Cpush -u origin main[K
[K[A[C[C[C[C[C[C[C[C[C[C[C[C[C[C[C[C[C[C[C[C[C[C[C[C[C[C[C[C[C[C[C[C[C[C[C[C[C[C
fatal: unable to access 'https://github.com/harksu/CloudSecurity-.git

git remote add origin https://github.com/harksu/CloudSecurity-.git/': Illegal characters found in URL
]0;user01@kali: ~[01;31muser01@kali[00m:[01;34m~[00m$ clear
[3J[H[2J]0;user01@kali: ~[01;31muser01@kali[00m:[01;34m~[00m$ cleargit push -u origin main
fatal: unable to access 'https://github.com/harksu/CloudSecurity-.git

git remote add origin https://github.com/harksu/CloudSecurity-.git/': Illegal characters found in URL
]0;user01@kali: ~[01;31muser01@kali[00m:[01;34m~[00m$ git status
On branch main
Untracked files:
  (use "git add <file>..." to include in what will be committed)

	[31m.bash_logout[m
	[31m.bashrc[m
	[31m.bashrc.original[m
	[31m.gitconfig[m
	[31m.profile[m
	[31m.viminfo[m
	[31mmidex1.c[m
	[31mtypescript1[m

nothing added to commit but untracked files present (use "git add" to track)
]0;user01@kali: ~[01;31muser01@kali[00m:[01;34m~[00m$ git add.
git: 'add.' is not a git command. See 'git --help'.

The most similar command is
	add
]0;user01@kali: ~[01;31muser01@kali[00m:[01;34m~[00m$ git add .
]0;user01@kali: ~[01;31muser01@kali[00m:[01;34m~[00m$ git status
On branch main
Changes to be committed:
  (use "git reset HEAD <file>..." to unstage)

	[32mnew file:   .bash_logout[m
	[32mnew file:   .bashrc[m
	[32mnew file:   .bashrc.original[m
	[32mnew file:   .gitconfig[m
	[32mnew file:   .profile[m
	[32mnew file:   .viminfo[m
	[32mnew file:   midex1.c[m
	[32mnew file:   typescript1[m

]0;user01@kali: ~[01;31muser01@kali[00m:[01;34m~[00m$ git push [K[K[K[K[Kcommmit [K[K[K[K[Kmmit [K[K[K[K[Kmit -m "commit [K"
[main 9593870] commit
 8 files changed, 444 insertions(+)
 create mode 100644 .bash_logout
 create mode 100644 .bashrc
 create mode 100644 .bashrc.original
 create mode 100644 .gitconfig
 create mode 100644 .profile
 create mode 100644 .viminfo
 create mode 100644 midex1.c
 create mode 100644 typescript1
]0;user01@kali: ~[01;31muser01@kali[00m:[01;34m~[00m$ git push
fatal: The current branch main has no upstream branch.
To push the current branch and set the remote as upstream, use

    git push --set-upstream origin main

]0;user01@kali: ~[01;31muser01@kali[00m:[01;34m~[00m$ git pus -[K[Kh -ui [K[K origin main
fatal: unable to access 'https://github.com/harksu/CloudSecurity-.git

git remote add origin https://github.com/harksu/CloudSecurity-.git/': Illegal characters found in URL
]0;user01@kali: ~[01;31muser01@kali[00m:[01;34m~[00m$ git puhs [K[K[Ksh origin master
error: src refspec master does not match any.
[31merror: failed to push some refs to 'https://github.com/harksu/CloudSecurity-.git

git remote add origin https://github.com/harksu/CloudSecurity-.git'
[m]0;user01@kali: ~[01;31muser01@kali[00m:[01;34m~[00m$ clear
[3J[H[2J]0;user01@kali: ~[01;31muser01@kali[00m:[01;34m~[00m$ git status
On branch main
nothing to commit, working tree clean
]0;user01@kali: ~[01;31muser01@kali[00m:[01;34m~[00m$ git add .
]0;user01@kali: ~[01;31muser01@kali[00m:[01;34m~[00m$ git staus
git: 'staus' is not a git command. See 'git --help'.

The most similar command is
	status
]0;user01@kali: ~[01;31muser01@kali[00m:[01;34m~[00m$ git status 
On branch main
nothing to commit, working tree clean
]0;user01@kali: ~[01;31muser01@kali[00m:[01;34m~[00m$ ls
midex1.c  README.md  typescript1
]0;user01@kali: ~[01;31muser01@kali[00m:[01;34m~[00m$ git remote -v
origin	https://github.com/harksu/CloudSecurity-.git

git remote add origin https://github.com/harksu/CloudSecurity-.git (fetch)
origin	https://github.com/harksu/CloudSecurity-.git

git remote add origin https://github.com/harksu/CloudSecurity-.git (push)
]0;user01@kali: ~[01;31muser01@kali[00m:[01;34m~[00m$ git brahc[K[Knch
[?1h=* [32mmain[m[m
[K[?1l>]0;user01@kali: ~[01;31muser01@kali[00m:[01;34m~[00m$ git [K[K[K[Kche[K[K[Kgit remote remot[Kve [K[K[K[K[K[Kemove origin
]0;user01@kali: ~[01;31muser01@kali[00m:[01;34m~[00m$ git remote -v
]0;user01@kali: ~[01;31muser01@kali[00m:[01;34m~[00m$ git remote 0-[K[K-v
]0;user01@kali: ~[01;31muser01@kali[00m:[01;34m~[00m$ clear
[3J[H[2J]0;user01@kali: ~[01;31muser01@kali[00m:[01;34m~[00m$ git remote add origin https [K://github.com/harksu/CloudSecurity-.gi t
]0;user01@kali: ~[01;31muser01@kali[00m:[01;34m~[00m$ git remote v[K-v
origin	https://github.com/harksu/CloudSecurity-.git (fetch)
origin	https://github.com/harksu/CloudSecurity-.git (push)
]0;user01@kali: ~[01;31muser01@kali[00m:[01;34m~[00m$ git add .
]0;user01@kali: ~[01;31muser01@kali[00m:[01;34m~[00m$ git status
On branch main
nothing to commit, working tree clean
]0;user01@kali: ~[01;31muser01@kali[00m:[01;34m~[00m$ git cmo[K[K[K[K[K[K[K